// Jest Snapshot v1, https://goo.gl/fbAQLP

exports[`<ViewToggleButton /> Should render and match the snapshot 1`] = `
<button
  aria-pressed="true"
  class="MuiButtonBase-root MuiToggleButton-root Mui-selected"
  color="primary"
  tabindex="0"
  title="Toggle to Table View"
  type="button"
  value="false"
>
  <span
    class="MuiToggleButton-label"
  >
    <svg
      aria-hidden="true"
      class="MuiSvgIcon-root MuiSvgIcon-fontSizeLarge"
      focusable="false"
      role="presentation"
      viewBox="0 0 24 24"
    >
      <path
        d="M20 3H5c-1.1 0-2 .9-2 2v14c0 1.1.9 2 2 2h15c1.1 0 2-.9 2-2V5c0-1.1-.9-2-2-2zm0 2v3H5V5h15zm-5 14h-5v-9h5v9zM5 10h3v9H5v-9zm12 9v-9h3v9h-3z"
      />
    </svg>
  </span>
  <span
    class="MuiTouchRipple-root"
  />
</button>
`;
