// Jest Snapshot v1, https://goo.gl/fbAQLP

exports[`<LoadingIndicator /> should match the snapshot 1`] = `
.c0 {
  margin: 2em auto;
  width: 40px;
  height: 40px;
  position: relative;
}

<div
  className="c0"
>
  <div
    className="MuiCircularProgress-root MuiCircularProgress-colorPrimary MuiCircularProgress-indeterminate"
    role="progressbar"
    style={
      Object {
        "height": 40,
        "width": 40,
      }
    }
  >
    <svg
      className="MuiCircularProgress-svg"
      viewBox="22 22 44 44"
    >
      <circle
        className="MuiCircularProgress-circle MuiCircularProgress-circleIndeterminate"
        cx={44}
        cy={44}
        fill="none"
        r={20.2}
        strokeWidth={3.6}
        style={Object {}}
      />
    </svg>
  </div>
</div>
`;
