// Jest Snapshot v1, https://goo.gl/fbAQLP

exports[`getNeos Saga should call the repoLoadingError action if the response errors 1`] = `
Object {
  "@@redux-saga/IO": true,
  "combinator": false,
  "payload": Object {
    "args": Array [
      "https://api.nasa.gov/neo/rest/v1/neo/browse?api_key=xLHhDdEiuN5tOg1Z3VnrUkXsBQQv6KHBjbZdIbcX",
    ],
    "context": null,
    "fn": [Function],
  },
  "type": "CALL",
}
`;

exports[`getNeos Saga should dispatch the NeosLoaded action if it requests the data successfully 1`] = `
Object {
  "@@redux-saga/IO": true,
  "combinator": false,
  "payload": Object {
    "args": Array [
      "https://api.nasa.gov/neo/rest/v1/neo/browse?api_key=xLHhDdEiuN5tOg1Z3VnrUkXsBQQv6KHBjbZdIbcX",
    ],
    "context": null,
    "fn": [Function],
  },
  "type": "CALL",
}
`;
